CTGAGGTC	ab	1	True	10	10	3	1	0	2
CTGAGGTC	ab	2	True	10	10	2	0	0	2
AAGCGGCA	ab	1	True	0	14	0	1	0	0
AAGCGGCA	ab	2	True	0	14	0	0	0	0
TACATGCT	ab	1	True	23	6	0	0	0	0
TACATGCT	ab	2	True	23	6	0	0	0	0
